Downloading https://services.gradle.org/distributions/gradle-9.8.0-bin.zip
..............10%..............20%...............30%..............40%...............50%..............60%...............70%..............80%...............90%..............100%

Welcome to Gradle 9.8.0!

Here are the highlights of this release:
 - Java 27 support
 - Maven mirror settings reuse
 - Linked problem locations in build output

For more details see https://docs.gradle.org/9.8.0/release-notes.html

To honour the JVM settings for this build a single-use Daemon process will be forked. For more on this, please refer to https://docs.gradle.org/9.8.0/userguide/gradle_daemon.html#sec:disabling_the_daemon in the Gradle documentation.
Daemon will be stopped at the end of the build 
Calculating task graph as no cached configuration is available for tasks: build
> Task :app:processResources NO-SOURCE
> Task :app:processTestResources NO-SOURCE

> Task :app:compileJava

> Task :app:classes
> Task :app:jar
> Task :app:compileTestJava
> Task :app:testClasses
> Task :app:startScripts
> Task :app:distTar
> Task :app:distZip
> Task :app:assemble

> Task :app:test

> Task :app:check
> Task :app:build

[Incubating] Problems report is available at: file:///home/runner/work/Thoth/Thoth/demos/injection_deep_gradle/build/reports/problems/problems-report.html

BUILD SUCCESSFUL in 1m 5s
7 actionable tasks: 7 executed
Configuration cache entry stored.
